testinvalid.md:3:3:Grafana.Shortcodes:Prefer `{{<` and `>}}` instead of `{{%!`(string={{% admonition type="caution" %}}) and `%!}(string=)}` It has the most consistent semantics. The percent syntax is used for special behavior that isn't required with this shortcode. 
testinvalid.md:4:3:Grafana.Shortcodes:Prefer `{{<` and `>}}` instead of `{{%!`(string={{% admonition type="note" %}}) and `%!}(string=)}` It has the most consistent semantics. The percent syntax is used for special behavior that isn't required with this shortcode. 
testinvalid.md:5:3:Grafana.Shortcodes:Prefer `{{<` and `>}}` instead of `{{%!`(string={{% admonition type="tip" %}}) and `%!}(string=)}` It has the most consistent semantics. The percent syntax is used for special behavior that isn't required with this shortcode. 
testinvalid.md:6:3:Grafana.Shortcodes:Prefer `{{<` and `>}}` instead of `{{%!`(string={{% admonition type="warn" %}}) and `%!}(string=)}` It has the most consistent semantics. The percent syntax is used for special behavior that isn't required with this shortcode. 
testinvalid.md:7:3:Grafana.Shortcodes:Prefer `{{<` and `>}}` instead of `{{%!`(string={{% /admonition %}}) and `%!}(string=)}` It has the most consistent semantics. The percent syntax is used for special behavior that isn't required with this shortcode. 
