testinvalid.md:3:3:Grafana.FirstPersonPlural:Use first person plural pronouns like 'We' carefully. Don't use first person plural pronouns when you're talking about the reader, instead use 'you'. It's OK to use first person plural pronouns when you're talking about Grafana Labs. 
testinvalid.md:4:8:Grafana.FirstPersonPlural:Use first person plural pronouns like 'us' carefully. Don't use first person plural pronouns when you're talking about the reader, instead use 'you'. It's OK to use first person plural pronouns when you're talking about Grafana Labs. 
testinvalid.md:5:24:Grafana.FirstPersonPlural:Use first person plural pronouns like 'ours' carefully. Don't use first person plural pronouns when you're talking about the reader, instead use 'you'. It's OK to use first person plural pronouns when you're talking about Grafana Labs. 
testinvalid.md:6:3:Grafana.FirstPersonPlural:Use first person plural pronouns like 'Let's' carefully. Don't use first person plural pronouns when you're talking about the reader, instead use 'you'. It's OK to use first person plural pronouns when you're talking about Grafana Labs. 
testinvalid.md:7:3:Grafana.FirstPersonPlural:Use first person plural pronouns like 'Our' carefully. Don't use first person plural pronouns when you're talking about the reader, instead use 'you'. It's OK to use first person plural pronouns when you're talking about Grafana Labs. 
