testinvalid.md:3:3:Grafana.SmartQuotes:Avoid smart quotes in the source file, especially in code blocks. Replace all smart double quotes like `“` or `”` with `"`. Replace all smart single quotes like `‘`, `’`, or `ʼ` with `'`. In some contexts, Unicode characters aren't supported and break configurations. The website renders paired quotes using smart quotes in paragraphs. 
testinvalid.md:4:3:Grafana.SmartQuotes:Avoid smart quotes in the source file, especially in code blocks. Replace all smart double quotes like `“` or `”` with `"`. Replace all smart single quotes like `‘`, `’`, or `ʼ` with `'`. In some contexts, Unicode characters aren't supported and break configurations. The website renders paired quotes using smart quotes in paragraphs. 
testinvalid.md:5:3:Grafana.SmartQuotes:Avoid smart quotes in the source file, especially in code blocks. Replace all smart double quotes like `“` or `”` with `"`. Replace all smart single quotes like `‘`, `’`, or `ʼ` with `'`. In some contexts, Unicode characters aren't supported and break configurations. The website renders paired quotes using smart quotes in paragraphs. 
testinvalid.md:6:3:Grafana.SmartQuotes:Avoid smart quotes in the source file, especially in code blocks. Replace all smart double quotes like `“` or `”` with `"`. Replace all smart single quotes like `‘`, `’`, or `ʼ` with `'`. In some contexts, Unicode characters aren't supported and break configurations. The website renders paired quotes using smart quotes in paragraphs. 
testinvalid.md:7:3:Grafana.SmartQuotes:Avoid smart quotes in the source file, especially in code blocks. Replace all smart double quotes like `“` or `”` with `"`. Replace all smart single quotes like `‘`, `’`, or `ʼ` with `'`. In some contexts, Unicode characters aren't supported and break configurations. The website renders paired quotes using smart quotes in paragraphs. 
