testinvalid.md:3:3:Grafana.Ordinal:For ordinals, write out first through ninth. For 10th on, use numerals.
testinvalid.md:4:3:Grafana.Ordinal:For ordinals, write out first through ninth. For 10th on, use numerals.
testinvalid.md:5:3:Grafana.Ordinal:For ordinals, write out first through ninth. For 10th on, use numerals.
testinvalid.md:6:3:Grafana.Ordinal:For ordinals, write out first through ninth. For 10th on, use numerals.
testinvalid.md:7:3:Grafana.Ordinal:For ordinals, write out first through ninth. For 10th on, use numerals.
testinvalid.md:8:3:Grafana.Ordinal:For ordinals, write out first through ninth. For 10th on, use numerals.
testinvalid.md:9:3:Grafana.Ordinal:For ordinals, write out first through ninth. For 10th on, use numerals.
testinvalid.md:10:3:Grafana.Ordinal:For ordinals, write out first through ninth. For 10th on, use numerals.
testinvalid.md:11:3:Grafana.Ordinal:For ordinals, write out first through ninth. For 10th on, use numerals.
