testinvalid.md:8:5:Grafana.Headings:Use sentence-style capitalization for 'One Two Three Four'. Vale considers multi-word exceptions such as _Grafana Enterprise Metrics_ as a single correctly cased word. If your heading contains capitalized words that represent product names, you need to add those words to the Grafana dictionary or the list of static exceptions in https://github.com/grafana/writers-toolkit/blob/main/vale/Headings.jsonnet for them to be considered correctly cased. 
testinvalid.md:14:5:Grafana.Headings:Use sentence-style capitalization for 'One two Three Four Five Six Seven Eight Nine Ten'. Vale considers multi-word exceptions such as _Grafana Enterprise Metrics_ as a single correctly cased word. If your heading contains capitalized words that represent product names, you need to add those words to the Grafana dictionary or the list of static exceptions in https://github.com/grafana/writers-toolkit/blob/main/vale/Headings.jsonnet for them to be considered correctly cased. 
testinvalid.md:20:5:Grafana.Headings:Use sentence-style capitalization for 'One two three Four Five Six Seven Eight Nine Ten Eleven'. Vale considers multi-word exceptions such as _Grafana Enterprise Metrics_ as a single correctly cased word. If your heading contains capitalized words that represent product names, you need to add those words to the Grafana dictionary or the list of static exceptions in https://github.com/grafana/writers-toolkit/blob/main/vale/Headings.jsonnet for them to be considered correctly cased. 
testinvalid.md:26:5:Grafana.Headings:Use sentence-style capitalization for 'One two three four Five Six Seven Eight Nine Ten Eleven Twelve Thirteen Fourteen'. Vale considers multi-word exceptions such as _Grafana Enterprise Metrics_ as a single correctly cased word. If your heading contains capitalized words that represent product names, you need to add those words to the Grafana dictionary or the list of static exceptions in https://github.com/grafana/writers-toolkit/blob/main/vale/Headings.jsonnet for them to be considered correctly cased. 
testinvalid.md:32:5:Grafana.Headings:Use sentence-style capitalization for 'One two three four five Six Seven Eight Nine Ten Eleven Twelve Thirteen Fourteen Fifteen Sixteen Seventeen'. Vale considers multi-word exceptions such as _Grafana Enterprise Metrics_ as a single correctly cased word. If your heading contains capitalized words that represent product names, you need to add those words to the Grafana dictionary or the list of static exceptions in https://github.com/grafana/writers-toolkit/blob/main/vale/Headings.jsonnet for them to be considered correctly cased. 
testinvalid.md:44:5:Grafana.Headings:Use sentence-style capitalization for 'Grafana Enterprise Metrics Four Five Six'. Vale considers multi-word exceptions such as _Grafana Enterprise Metrics_ as a single correctly cased word. If your heading contains capitalized words that represent product names, you need to add those words to the Grafana dictionary or the list of static exceptions in https://github.com/grafana/writers-toolkit/blob/main/vale/Headings.jsonnet for them to be considered correctly cased. 
