testinvalid.md:8:5:Grafana.Headings:Use sentence-style capitalization for 'One Two Three Four'. If your heading uses sentence capitalization but this error is reported, you need to add an exception to https://github.com/grafana/writers-toolkit/blob/main/vale/Grafana/Headings.yml. 
testinvalid.md:14:5:Grafana.Headings:Use sentence-style capitalization for 'One two Three Four Five Six Seven Eight Nine Ten'. If your heading uses sentence capitalization but this error is reported, you need to add an exception to https://github.com/grafana/writers-toolkit/blob/main/vale/Grafana/Headings.yml. 
testinvalid.md:20:5:Grafana.Headings:Use sentence-style capitalization for 'One two three Four Five Six Seven Eight Nine Ten Eleven'. If your heading uses sentence capitalization but this error is reported, you need to add an exception to https://github.com/grafana/writers-toolkit/blob/main/vale/Grafana/Headings.yml. 
testinvalid.md:26:5:Grafana.Headings:Use sentence-style capitalization for 'One two three four Five Six Seven Eight Nine Ten Eleven Twelve Thirteen Fourteen'. If your heading uses sentence capitalization but this error is reported, you need to add an exception to https://github.com/grafana/writers-toolkit/blob/main/vale/Grafana/Headings.yml. 
testinvalid.md:32:5:Grafana.Headings:Use sentence-style capitalization for 'One two three four five Six Seven Eight Nine Ten Eleven Twelve Thirteen Fourteen Fifteen Sixteen Seventeen'. If your heading uses sentence capitalization but this error is reported, you need to add an exception to https://github.com/grafana/writers-toolkit/blob/main/vale/Grafana/Headings.yml. 
